// Bun Snapshot v1, https://goo.gl/fbAQLP

exports[`functions omitUndefinedOrNull 1`] = `
{
  "c": "a",
  "d": 1,
  "e": true,
}
`;
